Component: Arm Compiler for Embedded 6.23 Tool: armlink [5f102400]

==============================================================================

Section Cross References

    main.o(.text.main) refers to sysclock.o(.text.ES_setSystemClk) for ES_setSystemClk
    main.o(.text.main) refers to application.o(.text.SystemInitialise) for SystemInitialise
    main.o(.text.main) refers to general.o(.text.WriteNewLine) for WriteNewLine
    main.o(.text.main) refers to main.o(.bss.sys) for sys
    main.o(.text.main) refers to application.o(.text.SystemUpdate) for SystemUpdate
    main.o(.ARM.exidx.text.main) refers to main.o(.text.main) for [Anonymous Symbol]
    application.o(.text.SystemInitialise) refers to main.o(.bss.sys) for sys
    application.o(.text.SystemInitialise) refers to peripherals.o(.text.SetupUART0) for SetupUART0
    application.o(.text.SystemInitialise) refers to peripherals.o(.text.SetupGPIOA) for SetupGPIOA
    application.o(.text.SystemInitialise) refers to peripherals.o(.text.SetupGPIOF) for SetupGPIOF
    application.o(.text.SystemInitialise) refers to peripherals.o(.text.SetupGPIOE) for SetupGPIOE
    application.o(.text.SystemInitialise) refers to peripherals.o(.text.SetupGPIOM) for SetupGPIOM
    application.o(.text.SystemInitialise) refers to peripherals.o(.text.SetupTimer) for SetupTimer
    application.o(.text.SystemInitialise) refers to pwmconfigs.o(.text.SetupPWM) for SetupPWM
    application.o(.text.SystemInitialise) refers to pwmconfigs.o(.text.SetupSweepTimer) for SetupSweepTimer
    application.o(.text.SystemInitialise) refers to adcconfigs.o(.text.SetupADCGPIO) for SetupADCGPIO
    application.o(.text.SystemInitialise) refers to peripherals.o(.text.SetupPiezoTimer) for SetupPiezoTimer
    application.o(.text.SystemInitialise) refers to lcdpanel.o(.text.SetupLCDPorts) for SetupLCDPorts
    application.o(.text.SystemInitialise) refers to lcdpanel.o(.text.initSPI) for initSPI
    application.o(.text.SystemInitialise) refers to ili9341.o(.text.initLCD) for initLCD
    application.o(.text.SystemInitialise) refers to ili9341.o(.text.setRotation) for setRotation
    application.o(.text.SystemInitialise) refers to ili9341.o(.text.clearScreen) for clearScreen
    application.o(.text.SystemInitialise) refers to ili9341.o(.text.setCharConfig) for setCharConfig
    application.o(.ARM.exidx.text.SystemInitialise) refers to application.o(.text.SystemInitialise) for [Anonymous Symbol]
    application.o(.text.SystemUpdate) refers to application.o(.text.ReadUserInput) for ReadUserInput
    application.o(.text.SystemUpdate) refers to radar.o(.text.ReadRadar) for ReadRadar
    application.o(.text.SystemUpdate) refers to lcdpanel.o(.text.UpdateScreen) for UpdateScreen
    application.o(.text.SystemUpdate) refers to main.o(.bss.sys) for sys
    application.o(.ARM.exidx.text.SystemUpdate) refers to application.o(.text.SystemUpdate) for [Anonymous Symbol]
    application.o(.text.ReadUserInput) refers to main.o(.bss.sys) for sys
    application.o(.text.ReadUserInput) refers to adcconfigs.o(.text.ReadADC) for ReadADC
    application.o(.ARM.exidx.text.ReadUserInput) refers to application.o(.text.ReadUserInput) for [Anonymous Symbol]
    application.o(.text.UART0_Handler) refers to application.o(.bss.uartEchoBuffer) for uartEchoBuffer
    application.o(.text.UART0_Handler) refers to main.o(.bss.sys) for sys
    application.o(.text.UART0_Handler) refers to general.o(.text.WriteNewLine) for WriteNewLine
    application.o(.text.UART0_Handler) refers to general.o(.text.DelayMilliseconds) for DelayMilliseconds
    application.o(.text.UART0_Handler) refers to application.o(.rodata.str1.1) for .L.str
    application.o(.text.UART0_Handler) refers to general.o(.text.WriteStringUART) for WriteStringUART
    application.o(.text.UART0_Handler) refers to general.o(.text.WriteUART) for WriteUART
    application.o(.ARM.exidx.text.UART0_Handler) refers to application.o(.text.UART0_Handler) for [Anonymous Symbol]
    peripherals.o(.text.SetupUART0) refers to peripherals.o(.text.__NVIC_SetPriority) for __NVIC_SetPriority
    peripherals.o(.text.SetupUART0) refers to peripherals.o(.text.__NVIC_EnableIRQ) for __NVIC_EnableIRQ
    peripherals.o(.ARM.exidx.text.SetupUART0) refers to peripherals.o(.text.SetupUART0) for [Anonymous Symbol]
    peripherals.o(.ARM.exidx.text.__NVIC_SetPriority) refers to peripherals.o(.text.__NVIC_SetPriority) for [Anonymous Symbol]
    peripherals.o(.ARM.exidx.text.__NVIC_EnableIRQ) refers to peripherals.o(.text.__NVIC_EnableIRQ) for [Anonymous Symbol]
    peripherals.o(.ARM.exidx.text.SetupGPIOA) refers to peripherals.o(.text.SetupGPIOA) for [Anonymous Symbol]
    peripherals.o(.ARM.exidx.text.SetupGPIOF) refers to peripherals.o(.text.SetupGPIOF) for [Anonymous Symbol]
    peripherals.o(.ARM.exidx.text.SetupGPIOE) refers to peripherals.o(.text.SetupGPIOE) for [Anonymous Symbol]
[...]
    ddiv_entry                               0x00004bd3   Thumb Code     0  ddiv.o(x$fpl$ddiv)
    $v0                                      0x00004e84   Number         0  dfix.o(x$fpl$dfix)
    x$fpl$dfix                               0x00004e84   Section       94  dfix.o(x$fpl$dfix)
    $v0                                      0x00004ee4   Number         0  dfixu.o(x$fpl$dfixu)
    x$fpl$dfixu                              0x00004ee4   Section       90  dfixu.o(x$fpl$dfixu)
    $v0                                      0x00004f3e   Number         0  dflt_clz.o(x$fpl$dflt)
    x$fpl$dflt                               0x00004f3e   Section       46  dflt_clz.o(x$fpl$dflt)
    $v0                                      0x00004f6c   Number         0  dflt_clz.o(x$fpl$dfltu)
    x$fpl$dfltu                              0x00004f6c   Section       38  dflt_clz.o(x$fpl$dfltu)
    $v0                                      0x00004f94   Number         0  dmul.o(x$fpl$dmul)
    x$fpl$dmul                               0x00004f94   Section      340  dmul.o(x$fpl$dmul)
    $v0                                      0x000050e8   Number         0  dnaninf.o(x$fpl$dnaninf)
    x$fpl$dnaninf                            0x000050e8   Section      156  dnaninf.o(x$fpl$dnaninf)
    $v0                                      0x00005184   Number         0  dretinf.o(x$fpl$dretinf)
    x$fpl$dretinf                            0x00005184   Section       12  dretinf.o(x$fpl$dretinf)
    $v0                                      0x00005190   Number         0  daddsub_clz.o(x$fpl$drsb)
    x$fpl$drsb                               0x00005190   Section       22  daddsub_clz.o(x$fpl$drsb)
    $v0                                      0x000051a8   Number         0  daddsub_clz.o(x$fpl$dsub)
    x$fpl$dsub                               0x000051a8   Section      476  daddsub_clz.o(x$fpl$dsub)
    _dsub1                                   0x000051b9   Thumb Code     0  daddsub_clz.o(x$fpl$dsub)
    $v0                                      0x00005384   Number         0  f2d.o(x$fpl$f2d)
    x$fpl$f2d                                0x00005384   Section       86  f2d.o(x$fpl$f2d)
    $v0                                      0x000053da   Number         0  fnaninf.o(x$fpl$fnaninf)
    x$fpl$fnaninf                            0x000053da   Section      140  fnaninf.o(x$fpl$fnaninf)
    $v0                                      0x00005466   Number         0  fpinit.o(x$fpl$fpinit)
    x$fpl$fpinit                             0x00005466   Section       26  fpinit.o(x$fpl$fpinit)
    $v0                                      0x00005480   Number         0  fretinf.o(x$fpl$fretinf)
    x$fpl$fretinf                            0x00005480   Section       10  fretinf.o(x$fpl$fretinf)
    $v0                                      0x0000548a   Number         0  printf1.o(x$fpl$printf1)
    x$fpl$printf1                            0x0000548a   Section        4  printf1.o(x$fpl$printf1)
    $v0                                      0x0000548e   Number         0  printf2.o(x$fpl$printf2)
    x$fpl$printf2                            0x0000548e   Section        4  printf2.o(x$fpl$printf2)
    x$fpl$usenofp                            0x00005492   Section        0  usenofp.o(x$fpl$usenofp)
    g_pui32VCOFrequencies                    0x00005494   Data           8  sysctl.o(.constdata)
    .constdata                               0x00005494   Section      596  sysctl.o(.constdata)
    g_pui32Xtals                             0x0000549c   Data         108  sysctl.o(.constdata)
    g_pppui32XTALtoVCO                       0x00005508   Data         432  sysctl.o(.constdata)
    g_sXTALtoMEMTIM                          0x000056b8   Data          48  sysctl.o(.constdata)
    initial_mbstate                          0x000056e8   Data           8  _printf_wctomb.o(.constdata)
    .constdata                               0x000056e8   Section        8  _printf_wctomb.o(.constdata)
    uc_hextab                                0x000056f0   Data          20  _printf_hex_int_ll_ptr.o(.constdata)
    .constdata                               0x000056f0   Section       40  _printf_hex_int_ll_ptr.o(.constdata)
    lc_hextab                                0x00005704   Data          20  _printf_hex_int_ll_ptr.o(.constdata)
    maptable                                 0x00005718   Data          17  __printf_flags_ss_wp.o(.constdata)
    .constdata                               0x00005718   Section       17  __printf_flags_ss_wp.o(.constdata)
    C                                        0x00005730   Data          48  cos_i.o(.constdata)
    .constdata                               0x00005730   Section       48  cos_i.o(.constdata)
    pio2s                                    0x00005760   Data          48  rred.o(.constdata)
    .constdata                               0x00005760   Section      204  rred.o(.constdata)
    twooverpi                                0x00005790   Data         156  rred.o(.constdata)
    S                                        0x00005830   Data          40  sin_i.o(.constdata)
    .constdata                               0x00005830   Section       40  sin_i.o(.constdata)
    lc_hextab                                0x00005858   Data          19  _printf_fp_hex.o(.constdata)
    .constdata                               0x00005858   Section       38  _printf_fp_hex.o(.constdata)
    uc_hextab                                0x0000586b   Data          19  _printf_fp_hex.o(.constdata)
    tenpwrs_x                                0x00005880   Data          60  bigflt0.o(.constdata)
    .constdata                               0x00005880   Section      148  bigflt0.o(.constdata)
    tenpwrs_i                                0x000058bc   Data          64  bigflt0.o(.constdata)
    .L__const.ES_setSystemClk.allowed_freq   0x00005914   Data          52  sysclock.o(.rodata..L__const.ES_setSystemClk.allowed_freq)
    .L.str                                   0x00006386   Data          12  application.o(.rodata.str1.1)
    [Anonymous Symbol]                       0x00006386   Section        0  application.o(.rodata.str1.1)
    .L.str                                   0x00006392   Data           8  radar.o(.rodata.str1.1)
    [Anonymous Symbol]                       0x00006392   Section        0  radar.o(.rodata.str1.1)
    .L.str.6                                 0x0000639a   Data          13  lcdpanel.o(.rodata.str1.1)
    [Anonymous Symbol]                       0x0000639a   Section        0  lcdpanel.o(.rodata.str1.1)
    .L.str.5                                 0x000063a7   Data          12  lcdpanel.o(.rodata.str1.1)
    .L.str.1                                 0x000063b3   Data          18  lcdpanel.o(.rodata.str1.1)
    .L.str.7                                 0x000063c5   Data           5  lcdpanel.o(.rodata.str1.1)
    .L.str                                   0x000063ca   Data          13  lcdpanel.o(.rodata.str1.1)
    .L.str.2                                 0x000063d7   Data          16  lcdpanel.o(.rodata.str1.1)
    .L.str.3                                 0x000063e7   Data          30  lcdpanel.o(.rodata.str1.1)
    .L.str.4                                 0x00006405   Data          30  lcdpanel.o(.rodata.str1.1)
    locale$$data                             0x00006444   Section       28  lc_numeric_c.o(locale$$data)
    __lcnum_c_name                           0x00006448   Data           2  lc_numeric_c.o(locale$$data)
    __lcnum_c_start                          0x00006450   Data           0  lc_numeric_c.o(locale$$data)
    __lcnum_c_point                          0x0000645c   Data           0  lc_numeric_c.o(locale$$data)
    __lcnum_c_thousands                      0x0000645e   Data           0  lc_numeric_c.o(locale$$data)
    __lcnum_c_grouping                       0x0000645f   Data           0  lc_numeric_c.o(locale$$data)
    __lcnum_c_end                            0x00006460   Data           0  lc_numeric_c.o(locale$$data)
    locale$$data                             0x00006460   Section      272  lc_ctype_c.o(locale$$data)
    __lcctype_c_name                         0x00006464   Data           2  lc_ctype_c.o(locale$$data)
    __lcctype_c_start                        0x0000646c   Data           0  lc_ctype_c.o(locale$$data)
    __lcctype_c_end                          0x00006570   Data           0  lc_ctype_c.o(locale$$data)
    .bss                                     0x20000010   Section       96  libspace.o(.bss)
    ui32SysClock                             0x200000a4   Data           4  sysclock.o(.bss.ui32SysClock)
    [Anonymous Symbol]                       0x200000a4   Section        0  sysclock.o(.bss.ui32SysClock)
    Heap_Mem                                 0x200000a8   Data           0  startup_tm4c129.o(HEAP)
    Stack_Mem                                0x200000a8   Data         512  startup_tm4c129.o(STACK)
    HEAP                                     0x200000a8   Section        0  startup_tm4c129.o(HEAP)
    STACK                                    0x200000a8   Section      512  startup_tm4c129.o(STACK)
    __initial_sp                             0x200002a8   Data           0  startup_tm4c129.o(STACK)

    Global Symbols

    Symbol Name                              Value     Ov Type        Size  Object(Section)

    BuildAttributes$$THM_ISAv4$E$P$D$K$B$S$7EM$VFPi3$EXTD16$VFPS$VFMA$PE$A:L22UL41UL21$X:L11$S22US41US21$IEEE1$IW$~IW$USESV6$~STKCKD$USESV7$~SHL$OTIME$ROPI$IEEEX$EBA8$UX$STANDARDLIB$REQ8$PRES8$EABIv2 0x00000000   Number         0  anon$$obj.o ABSOLUTE
    __Vectors                                0x00000000   Data           4  startup_tm4c129.o(RESET)
    _printf_flags                            0x00000000   Number         0  printf_stubs.o ABSOLUTE
    _printf_return_value                     0x00000000   Number         0  printf_stubs.o ABSOLUTE
    _printf_sizespec                         0x00000000   Number         0  printf_stubs.o ABSOLUTE
    _printf_widthprec                        0x00000000   Number         0  printf_stubs.o ABSOLUTE
    __ARM_exceptions_init                     - Undefined Weak Reference
    __alloca_initialize                       - Undefined Weak Reference
    __arm_preinit_                            - Undefined Weak Reference
    __arm_relocate_pie_                       - Undefined Weak Reference
    __cpp_initialize__aeabi_                  - Undefined Weak Reference
    __cxa_finalize                            - Undefined Weak Reference
    __sigvec_lookup                           - Undefined Weak Reference
    _atexit_init                              - Undefined Weak Reference
    _call_atexit_fns                          - Undefined Weak Reference
    _clock_init                               - Undefined Weak Reference
    _fp_trap_init                             - Undefined Weak Reference
    _fp_trap_shutdown                         - Undefined Weak Reference
    _get_lc_collate                           - Undefined Weak Reference
    _get_lc_monetary                          - Undefined Weak Reference
    _get_lc_time                              - Undefined Weak Reference
    _getenv_init                              - Undefined Weak Reference
    _handle_redirection                       - Undefined Weak Reference
    _init_alloc                               - Undefined Weak Reference
    _init_user_alloc                          - Undefined Weak Reference
    _initio                                   - Undefined Weak Reference
    _printf_mbtowc                            - Undefined Weak Reference
    _printf_wc                                - Undefined Weak Reference
    _rand_init                                - Undefined Weak Reference
    _signal_finish                            - Undefined Weak Reference
    _signal_init                              - Undefined Weak Reference
    _terminate_alloc                          - Undefined Weak Reference
    _terminate_user_alloc                     - Undefined Weak Reference
    _terminateio                              - Undefined Weak Reference
    __Vectors_End                            0x00000200   Data           0  startup_tm4c129.o(RESET)
    __Vectors_Size                           0x00000200   Number         0  startup_tm4c129.o ABSOLUTE
    __main                                   0x00000201   Thumb Code     8  __main.o(!!!main)
    __scatterload                            0x00000209   Thumb Code     0  __scatter.o(!!!scatter)
    __scatterload_rt2                        0x00000209   Thumb Code    84  __scatter.o(!!!scatter)
    __scatterload_rt2_thumb_only             0x00000209   Thumb Code     0  __scatter.o(!!!scatter)
    __scatterload_loop                       0x00000213   Thumb Code     0  __scatter.o(!!!scatter)
    __scatterload_copy                       0x00000265   Thumb Code    26  __scatter_copy.o(!!handler_copy)
    __scatterload_null                       0x00000281   Thumb Code     2  __scatter.o(!!handler_null)
    __scatterload_zeroinit                   0x00000285   Thumb Code    28  __scatter_zi.o(!!handler_zi)
    _printf_n                                0x000002a1   Thumb Code     0  _printf_n.o(.ARM.Collect$$_printf_percent$$00000001)
    _printf_percent                          0x000002a1   Thumb Code     0  _printf_percent.o(.ARM.Collect$$_printf_percent$$00000000)
    _printf_p                                0x000002a7   Thumb Code     0  _printf_p.o(.ARM.Collect$$_printf_percent$$00000002)
    _printf_f                                0x000002ad   Thumb Code     0  _printf_f.o(.ARM.Collect$$_printf_percent$$00000003)
    _printf_e                                0x000002b3   Thumb Code     0  _printf_e.o(.ARM.Collect$$_printf_percent$$00000004)
    _printf_g                                0x000002b9   Thumb Code     0  _printf_g.o(.ARM.Collect$$_printf_percent$$00000005)
    _printf_a                                0x000002bf   Thumb Code     0  _printf_a.o(.ARM.Collect$$_printf_percent$$00000006)
    _printf_ll                               0x000002c5   Thumb Code     0  _printf_ll.o(.ARM.Collect$$_printf_percent$$00000007)
    _printf_i                                0x000002cf   Thumb Code     0  _printf_i.o(.ARM.Collect$$_printf_percent$$00000008)
    _printf_d                                0x000002d5   Thumb Code     0  _printf_d.o(.ARM.Collect$$_printf_percent$$00000009)
    _printf_u                                0x000002db   Thumb Code     0  _printf_u.o(.ARM.Collect$$_printf_percent$$0000000A)
    _printf_o                                0x000002e1   Thumb Code     0  _printf_o.o(.ARM.Collect$$_printf_percent$$0000000B)
    _printf_x                                0x000002e7   Thumb Code     0  _printf_x.o(.ARM.Collect$$_printf_percent$$0000000C)
    _printf_lli                              0x000002ed   Thumb Code     0  _printf_lli.o(.ARM.Collect$$_printf_percent$$0000000D)
    _printf_lld                              0x000002f3   Thumb Code     0  _printf_lld.o(.ARM.Collect$$_printf_percent$$0000000E)
    _printf_llu                              0x000002f9   Thumb Code     0  _printf_llu.o(.ARM.Collect$$_printf_percent$$0000000F)
    _printf_llo                              0x000002ff   Thumb Code     0  _printf_llo.o(.ARM.Collect$$_printf_percent$$00000010)
    _printf_llx                              0x00000305   Thumb Code     0  _printf_llx.o(.ARM.Collect$$_printf_percent$$00000011)
    _printf_l                                0x0000030b   Thumb Code     0  _printf_l.o(.ARM.Collect$$_printf_percent$$00000012)
    _printf_c                                0x00000315   Thumb Code     0  _printf_c.o(.ARM.Collect$$_printf_percent$$00000013)
    _printf_s                                0x0000031b   Thumb Code     0  _printf_s.o(.ARM.Collect$$_printf_percent$$00000014)
    _printf_lc                               0x00000321   Thumb Code     0  _printf_lc.o(.ARM.Collect$$_printf_percent$$00000015)
    _printf_ls                               0x00000327   Thumb Code     0  _printf_ls.o(.ARM.Collect$$_printf_percent$$00000016)
    _printf_percent_end                      0x0000032d   Thumb Code     0  _printf_percent_end.o(.ARM.Collect$$_printf_percent$$00000017)
    __rt_lib_init                            0x00000331   Thumb Code     0  libinit.o(.ARM.Collect$$libinit$$00000000)
    __rt_lib_init_fp_1                       0x00000333   Thumb Code     0  libinit2.o(.ARM.Collect$$libinit$$00000001)
    __rt_lib_init_heap_1                     0x00000337   Thumb Code     0  libinit2.o(.ARM.Collect$$libinit$$0000000C)
    __rt_lib_init_lc_common                  0x00000337   Thumb Code     0  libinit2.o(.ARM.Collect$$libinit$$00000011)
    __rt_lib_init_preinit_1                  0x00000337   Thumb Code     0  libinit2.o(.ARM.Collect$$libinit$$00000006)
    __rt_lib_init_rand_1                     0x00000337   Thumb Code     0  libinit2.o(.ARM.Collect$$libinit$$00000010)
    __rt_lib_init_relocate_pie_1             0x00000337   Thumb Code     0  libinit2.o(.ARM.Collect$$libinit$$00000004)
    __rt_lib_init_user_alloc_1               0x00000337   Thumb Code     0  libinit2.o(.ARM.Collect$$libinit$$0000000E)
    __rt_lib_init_lc_collate_1               0x0000033d   Thumb Code     0  libinit2.o(.ARM.Collect$$libinit$$00000013)
    __rt_lib_init_lc_ctype_2                 0x0000033d   Thumb Code     0  libinit2.o(.ARM.Collect$$libinit$$00000014)
    __rt_lib_init_lc_ctype_1                 0x00000349   Thumb Code     0  libinit2.o(.ARM.Collect$$libinit$$00000015)
    __rt_lib_init_lc_monetary_1              0x00000349   Thumb Code     0  libinit2.o(.ARM.Collect$$libinit$$00000017)
    __rt_lib_init_lc_numeric_2               0x00000349   Thumb Code     0  libinit2.o(.ARM.Collect$$libinit$$00000018)
    __rt_lib_init_alloca_1                   0x00000353   Thumb Code     0  libinit2.o(.ARM.Collect$$libinit$$00000030)
    __rt_lib_init_argv_1                     0x00000353   Thumb Code     0  libinit2.o(.ARM.Collect$$libinit$$0000002E)
    __rt_lib_init_atexit_1                   0x00000353   Thumb Code     0  libinit2.o(.ARM.Collect$$libinit$$0000001D)
    __rt_lib_init_clock_1                    0x00000353   Thumb Code     0  libinit2.o(.ARM.Collect$$libinit$$00000023)
    __rt_lib_init_cpp_1                      0x00000353   Thumb Code     0  libinit2.o(.ARM.Collect$$libinit$$00000034)
    __rt_lib_init_exceptions_1               0x00000353   Thumb Code     0  libinit2.o(.ARM.Collect$$libinit$$00000032)
    __rt_lib_init_fp_trap_1                  0x00000353   Thumb Code     0  libinit2.o(.ARM.Collect$$libinit$$00000021)
    __rt_lib_init_getenv_1                   0x00000353   Thumb Code     0  libinit2.o(.ARM.Collect$$libinit$$00000025)
    __rt_lib_init_lc_numeric_1               0x00000353   Thumb Code     0  libinit2.o(.ARM.Collect$$libinit$$00000019)
    __rt_lib_init_lc_time_1                  0x00000353   Thumb Code     0  libinit2.o(.ARM.Collect$$libinit$$0000001B)
    __rt_lib_init_return                     0x00000353   Thumb Code     0  libinit2.o(.ARM.Collect$$libinit$$00000035)
    __rt_lib_init_signal_1                   0x00000353   Thumb Code     0  libinit2.o(.ARM.Collect$$libinit$$0000001F)
    __rt_lib_init_stdio_1                    0x00000353   Thumb Code     0  libinit2.o(.ARM.Collect$$libinit$$00000027)
    __rt_lib_shutdown                        0x00000355   Thumb Code     0  libshutdown.o(.ARM.Collect$$libshutdown$$00000000)
    __rt_lib_shutdown_cpp_1                  0x00000357   Thumb Code     0  libshutdown2.o(.ARM.Collect$$libshutdown$$00000002)
    __rt_lib_shutdown_fp_trap_1              0x00000357   Thumb Code     0  libshutdown2.o(.ARM.Collect$$libshutdown$$00000007)
    __rt_lib_shutdown_heap_1                 0x00000357   Thumb Code     0  libshutdown2.o(.ARM.Collect$$libshutdown$$0000000F)
    __rt_lib_shutdown_return                 0x00000357   Thumb Code     0  libshutdown2.o(.ARM.Collect$$libshutdown$$00000010)
    __rt_lib_shutdown_signal_1               0x00000357   Thumb Code     0  libshutdown2.o(.ARM.Collect$$libshutdown$$0000000A)
    __rt_lib_shutdown_stdio_1                0x00000357   Thumb Code     0  libshutdown2.o(.ARM.Collect$$libshutdown$$00000004)
    __rt_lib_shutdown_user_alloc_1           0x00000357   Thumb Code     0  libshutdown2.o(.ARM.Collect$$libshutdown$$0000000C)
    __rt_entry                               0x00000359   Thumb Code     0  __rtentry.o(.ARM.Collect$$rtentry$$00000000)
    __rt_entry_presh_1                       0x00000359   Thumb Code     0  __rtentry2.o(.ARM.Collect$$rtentry$$00000002)
    __rt_entry_sh                            0x00000359   Thumb Code     0  __rtentry4.o(.ARM.Collect$$rtentry$$00000004)
    __rt_entry_li                            0x0000035f   Thumb Code     0  __rtentry2.o(.ARM.Collect$$rtentry$$0000000A)
    __rt_entry_postsh_1                      0x0000035f   Thumb Code     0  __rtentry2.o(.ARM.Collect$$rtentry$$00000009)
    __rt_entry_main                          0x00000363   Thumb Code     0  __rtentry2.o(.ARM.Collect$$rtentry$$0000000D)
    __rt_entry_postli_1                      0x00000363   Thumb Code     0  __rtentry2.o(.ARM.Collect$$rtentry$$0000000C)
    __rt_exit                                0x0000036b   Thumb Code     0  rtexit.o(.ARM.Collect$$rtexit$$00000000)
    __rt_exit_ls                             0x0000036d   Thumb Code     0  rtexit2.o(.ARM.Collect$$rtexit$$00000003)
    __rt_exit_prels_1                        0x0000036d   Thumb Code     0  rtexit2.o(.ARM.Collect$$rtexit$$00000002)
    __rt_exit_exit                           0x00000371   Thumb Code     0  rtexit2.o(.ARM.Collect$$rtexit$$00000004)
    Reset_Handler                            0x00000379   Thumb Code     8  startup_tm4c129.o(.text)
    NMI_Handler                              0x00000381   Thumb Code     2  startup_tm4c129.o(.text)
    HardFault_Handler                        0x00000383   Thumb Code     2  startup_tm4c129.o(.text)
    MemManage_Handler                        0x00000385   Thumb Code     2  startup_tm4c129.o(.text)
    BusFault_Handler                         0x00000387   Thumb Code     2  startup_tm4c129.o(.text)
    UsageFault_Handler                       0x00000389   Thumb Code     2  startup_tm4c129.o(.text)
    SVC_Handler                              0x0000038b   Thumb Code     2  startup_tm4c129.o(.text)
    DebugMon_Handler                         0x0000038d   Thumb Code     2  startup_tm4c129.o(.text)
    PendSV_Handler                           0x0000038f   Thumb Code     2  startup_tm4c129.o(.text)
    SysTick_Handler                          0x00000391   Thumb Code     2  startup_tm4c129.o(.text)
    GPIOA_Handler                            0x00000393   Thumb Code     2  startup_tm4c129.o(.text)
    GPIOB_Handler                            0x00000395   Thumb Code     2  startup_tm4c129.o(.text)
    GPIOC_Handler                            0x00000397   Thumb Code     2  startup_tm4c129.o(.text)
    GPIOD_Handler                            0x00000399   Thumb Code     2  startup_tm4c129.o(.text)
    GPIOE_Handler                            0x0000039b   Thumb Code     2  startup_tm4c129.o(.text)
    UART1_Handler                            0x0000039f   Thumb Code     2  startup_tm4c129.o(.text)
    SSI0_Handler                             0x000003a1   Thumb Code     2  startup_tm4c129.o(.text)
    I2C0_Handler                             0x000003a3   Thumb Code     2  startup_tm4c129.o(.text)
    PMW0_FAULT_Handler                       0x000003a5   Thumb Code     2  startup_tm4c129.o(.text)
    PWM0_0_Handler                           0x000003a7   Thumb Code     2  startup_tm4c129.o(.text)
    PWM0_1_Handler                           0x000003a9   Thumb Code     2  startup_tm4c129.o(.text)
    PWM0_2_Handler                           0x000003ab   Thumb Code     2  startup_tm4c129.o(.text)
    QEI0_Handler                             0x000003ad   Thumb Code     2  startup_tm4c129.o(.text)
    ADC0SS0_Handler                          0x000003af   Thumb Code     2  startup_tm4c129.o(.text)
    ADC0SS1_Handler                          0x000003b1   Thumb Code     2  startup_tm4c129.o(.text)
    ADC0SS2_Handler                          0x000003b3   Thumb Code     2  startup_tm4c129.o(.text)
    ADC0SS3_Handler                          0x000003b5   Thumb Code     2  startup_tm4c129.o(.text)
    WDT0_Handler                             0x000003b7   Thumb Code     2  startup_tm4c129.o(.text)
    TIMER0A_Handler                          0x000003b9   Thumb Code     2  startup_tm4c129.o(.text)
    TIMER0B_Handler                          0x000003bb   Thumb Code     2  startup_tm4c129.o(.text)
    TIMER1A_Handler                          0x000003bd   Thumb Code     2  startup_tm4c129.o(.text)
    TIMER1B_Handler                          0x000003bf   Thumb Code     2  startup_tm4c129.o(.text)
    TIMER2A_Handler                          0x000003c1   Thumb Code     2  startup_tm4c129.o(.text)
    TIMER2B_Handler                          0x000003c3   Thumb Code     2  startup_tm4c129.o(.text)
    COMP0_Handler                            0x000003c5   Thumb Code     2  startup_tm4c129.o(.text)
    COMP1_Handler                            0x000003c7   Thumb Code     2  startup_tm4c129.o(.text)
    COMP2_Handler                            0x000003c9   Thumb Code     2  startup_tm4c129.o(.text)
    SYSCTL_Handler                           0x000003cb   Thumb Code     2  startup_tm4c129.o(.text)
    FLASH_Handler                            0x000003cd   Thumb Code     2  startup_tm4c129.o(.text)
    GPIOF_Handler                            0x000003cf   Thumb Code     2  startup_tm4c129.o(.text)
    GPIOG_Handler                            0x000003d1   Thumb Code     2  startup_tm4c129.o(.text)
    GPIOH_Handler                            0x000003d3   Thumb Code     2  startup_tm4c129.o(.text)
    UART2_Handler                            0x000003d5   Thumb Code     2  startup_tm4c129.o(.text)
    SSI1_Handler                             0x000003d7   Thumb Code     2  startup_tm4c129.o(.text)
    TIMER3B_Handler                          0x000003db   Thumb Code     2  startup_tm4c129.o(.text)
    I2C1_Handler                             0x000003dd   Thumb Code     2  startup_tm4c129.o(.text)
    CAN0_Handler                             0x000003df   Thumb Code     2  startup_tm4c129.o(.text)
    CAN1_Handler                             0x000003e1   Thumb Code     2  startup_tm4c129.o(.text)
    ETH_Handler                              0x000003e3   Thumb Code     2  startup_tm4c129.o(.text)
    HIB_Handler                              0x000003e5   Thumb Code     2  startup_tm4c129.o(.text)
    USB0_Handler                             0x000003e7   Thumb Code     2  startup_tm4c129.o(.text)
    PWM0_3_Handler                           0x000003e9   Thumb Code     2  startup_tm4c129.o(.text)
    UDMA_Handler                             0x000003eb   Thumb Code     2  startup_tm4c129.o(.text)
    UDMAERR_Handler                          0x000003ed   Thumb Code     2  startup_tm4c129.o(.text)
    ADC1SS0_Handler                          0x000003ef   Thumb Code     2  startup_tm4c129.o(.text)
    ADC1SS1_Handler                          0x000003f1   Thumb Code     2  startup_tm4c129.o(.text)
    ADC1SS2_Handler                          0x000003f3   Thumb Code     2  startup_tm4c129.o(.text)
    ADC1SS3_Handler                          0x000003f5   Thumb Code     2  startup_tm4c129.o(.text)
    EBI0_Handler                             0x000003f7   Thumb Code     2  startup_tm4c129.o(.text)
    GPIOJ_Handler                            0x000003f9   Thumb Code     2  startup_tm4c129.o(.text)
    GPIOK_Handler                            0x000003fb   Thumb Code     2  startup_tm4c129.o(.text)
    GPIOL_Handler                            0x000003fd   Thumb Code     2  startup_tm4c129.o(.text)
    SSI2_Handler                             0x000003ff   Thumb Code     2  startup_tm4c129.o(.text)
    SSI3_Handler                             0x00000401   Thumb Code     2  startup_tm4c129.o(.text)
    UART3_Handler                            0x00000403   Thumb Code     2  startup_tm4c129.o(.text)
    UART4_Handler                            0x00000405   Thumb Code     2  startup_tm4c129.o(.text)
    UART5_Handler                            0x00000407   Thumb Code     2  startup_tm4c129.o(.text)
    UART6_Handler                            0x00000409   Thumb Code     2  startup_tm4c129.o(.text)
    UART7_Handler                            0x0000040b   Thumb Code     2  startup_tm4c129.o(.text)
    I2C2_Handler                             0x0000040d   Thumb Code     2  startup_tm4c129.o(.text)
    I2C3_Handler                             0x0000040f   Thumb Code     2  startup_tm4c129.o(.text)
    TIMER4A_Handler                          0x00000411   Thumb Code     2  startup_tm4c129.o(.text)
    TIMER4B_Handler                          0x00000413   Thumb Code     2  startup_tm4c129.o(.text)
    TIMER5A_Handler                          0x00000415   Thumb Code     2  startup_tm4c129.o(.text)
    TIMER5B_Handler                          0x00000417   Thumb Code     2  startup_tm4c129.o(.text)
    WTIMER0A_Handler                         0x00000419   Thumb Code     2  startup_tm4c129.o(.text)
    WTIMER0B_Handler                         0x0000041b   Thumb Code     2  startup_tm4c129.o(.text)
    WTIMER1A_Handler                         0x0000041d   Thumb Code     2  startup_tm4c129.o(.text)
    WTIMER1B_Handler                         0x0000041f   Thumb Code     2  startup_tm4c129.o(.text)
    WTIMER2A_Handler                         0x00000421   Thumb Code     2  startup_tm4c129.o(.text)
    WTIMER2B_Handler                         0x00000423   Thumb Code     2  startup_tm4c129.o(.text)
    WTIMER3A_Handler                         0x00000425   Thumb Code     2  startup_tm4c129.o(.text)
    WTIMER3B_Handler                         0x00000427   Thumb Code     2  startup_tm4c129.o(.text)
    WTIMER4A_Handler                         0x00000429   Thumb Code     2  startup_tm4c129.o(.text)
    WTIMER4B_Handler                         0x0000042b   Thumb Code     2  startup_tm4c129.o(.text)
    WTIMER5A_Handler                         0x0000042d   Thumb Code     2  startup_tm4c129.o(.text)
    WTIMER5B_Handler                         0x0000042f   Thumb Code     2  startup_tm4c129.o(.text)
    FPU_Handler                              0x00000431   Thumb Code     2  startup_tm4c129.o(.text)
    I2C4_Handler                             0x00000433   Thumb Code     2  startup_tm4c129.o(.text)
    I2C5_Handler                             0x00000435   Thumb Code     2  startup_tm4c129.o(.text)
    GPIOM_Handler                            0x00000437   Thumb Code     2  startup_tm4c129.o(.text)
    GPION_Handler                            0x00000439   Thumb Code     2  startup_tm4c129.o(.text)
    TAMPER_Handler                           0x0000043b   Thumb Code     2  startup_tm4c129.o(.text)
    GPIOP0_Handler                           0x0000043d   Thumb Code     2  startup_tm4c129.o(.text)
    GPIOP1_Handler                           0x0000043f   Thumb Code     2  startup_tm4c129.o(.text)
    GPIOP2_Handler                           0x00000441   Thumb Code     2  startup_tm4c129.o(.text)
    GPIOP3_Handler                           0x00000443   Thumb Code     2  startup_tm4c129.o(.text)
    GPIOP4_Handler                           0x00000445   Thumb Code     2  startup_tm4c129.o(.text)
    GPIOP5_Handler                           0x00000447   Thumb Code     2  startup_tm4c129.o(.text)
    GPIOP6_Handler                           0x00000449   Thumb Code     2  startup_tm4c129.o(.text)
    GPIOP7_Handler                           0x0000044b   Thumb Code     2  startup_tm4c129.o(.text)
    GPIOQ0_Handler                           0x0000044d   Thumb Code     2  startup_tm4c129.o(.text)
    GPIOQ1_Handler                           0x0000044f   Thumb Code     2  startup_tm4c129.o(.text)
    GPIOQ2_Handler                           0x00000451   Thumb Code     2  startup_tm4c129.o(.text)
    GPIOQ3_Handler                           0x00000453   Thumb Code     2  startup_tm4c129.o(.text)
    GPIOQ4_Handler                           0x00000455   Thumb Code     2  startup_tm4c129.o(.text)
    GPIOQ5_Handler                           0x00000457   Thumb Code     2  startup_tm4c129.o(.text)
    GPIOQ6_Handler                           0x00000459   Thumb Code     2  startup_tm4c129.o(.text)
    GPIOQ7_Handler                           0x0000045b   Thumb Code     2  startup_tm4c129.o(.text)
    GPIOR_Handler                            0x0000045d   Thumb Code     2  startup_tm4c129.o(.text)
    GPIOS_Handler                            0x0000045f   Thumb Code     2  startup_tm4c129.o(.text)
    SHAMD5_Handler                           0x00000461   Thumb Code     2  startup_tm4c129.o(.text)
    AES_Handler                              0x00000463   Thumb Code     2  startup_tm4c129.o(.text)
    DES3DES_Handler                          0x00000465   Thumb Code     2  startup_tm4c129.o(.text)
    LCDCONTROLLER_Handler                    0x00000467   Thumb Code     2  startup_tm4c129.o(.text)
    TIMER6A_Handler                          0x00000469   Thumb Code     2  startup_tm4c129.o(.text)
    TIMER6B_Handler                          0x0000046b   Thumb Code     2  startup_tm4c129.o(.text)
    TIMER7A_Handler                          0x0000046d   Thumb Code     2  startup_tm4c129.o(.text)
    TIMER7B_Handler                          0x0000046f   Thumb Code     2  startup_tm4c129.o(.text)
    I2C6_Handler                             0x00000471   Thumb Code     2  startup_tm4c129.o(.text)
    I2C7_Handler                             0x00000473   Thumb Code     2  startup_tm4c129.o(.text)
    HIMSCANKEYBOARD_Handler                  0x00000475   Thumb Code     2  startup_tm4c129.o(.text)
    ONEWIRE_Handler                          0x00000477   Thumb Code     2  startup_tm4c129.o(.text)
    HIMPS2_Handler                           0x00000479   Thumb Code     2  startup_tm4c129.o(.text)
    HIMLEDSEQUENCER_Handler                  0x0000047b   Thumb Code     2  startup_tm4c129.o(.text)
    HIMCONSUMERIR_Handler                    0x0000047d   Thumb Code     2  startup_tm4c129.o(.text)
    I2C8_Handler                             0x0000047f   Thumb Code     2  startup_tm4c129.o(.text)
    I2C9_Handler                             0x00000481   Thumb Code     2  startup_tm4c129.o(.text)
    GPIOT_Handler                            0x00000483   Thumb Code     2  startup_tm4c129.o(.text)
    __user_initial_stackheap                 0x00000485   Thumb Code     0  startup_tm4c129.o(.text)
    snprintf                                 0x000004a5   Thumb Code    58  snprintf.o(.text)
    strlen                                   0x000004e5   Thumb Code    62  strlen.o(.text)
    __use_two_region_memory                  0x00000523   Thumb Code     2  heapauxi.o(.text)
    __rt_heap_escrow$2region                 0x00000525   Thumb Code     2  heapauxi.o(.text)
    __rt_heap_expand$2region                 0x00000527   Thumb Code     2  heapauxi.o(.text)
    __read_errno                             0x00000529   Thumb Code    10  _rserrno.o(.text)
    __set_errno                              0x00000533   Thumb Code    12  _rserrno.o(.text)
    _printf_pre_padding                      0x0000053f   Thumb Code    44  _printf_pad.o(.text)
    _printf_post_padding                     0x0000056b   Thumb Code    34  _printf_pad.o(.text)
    _printf_truncate_signed                  0x0000058d   Thumb Code    18  _printf_truncate.o(.text)
    _printf_truncate_unsigned                0x0000059f   Thumb Code    18  _printf_truncate.o(.text)
    _printf_str                              0x000005b1   Thumb Code    82  _printf_str.o(.text)
    _printf_int_dec                          0x00000605   Thumb Code   104  _printf_dec.o(.text)
    _printf_charcount                        0x0000067d   Thumb Code    40  _printf_charcount.o(.text)
    _printf_char_common                      0x000006af   Thumb Code    32  _printf_char_common.o(.text)
    _snputc                                  0x000006d5   Thumb Code    16  _snputc.o(.text)
    _printf_wctomb                           0x000006e5   Thumb Code   182  _printf_wctomb.o(.text)
    _printf_longlong_dec                     0x000007a1   Thumb Code   108  _printf_longlong_dec.o(.text)
    _printf_longlong_oct                     0x0000081d   Thumb Code    68  _printf_oct_int_ll.o(.text)
    _printf_int_oct                          0x00000861   Thumb Code    24  _printf_oct_int_ll.o(.text)
    _printf_ll_oct                           0x00000879   Thumb Code    12  _printf_oct_int_ll.o(.text)
    _printf_longlong_hex                     0x0000088d   Thumb Code    86  _printf_hex_int_ll_ptr.o(.text)
    _printf_int_hex                          0x000008e3   Thumb Code    28  _printf_hex_int_ll_ptr.o(.text)
    _printf_ll_hex                           0x000008ff   Thumb Code    12  _printf_hex_int_ll_ptr.o(.text)
    _printf_hex_ptr                          0x0000090b   Thumb Code    18  _printf_hex_int_ll_ptr.o(.text)
    __printf                                 0x00000921   Thumb Code   388  __printf_flags_ss_wp.o(.text)
    __aeabi_errno_addr                       0x00000aa9   Thumb Code     8  rt_errno_addr_intlibspace.o(.text)
    __errno$intlibspace                      0x00000aa9   Thumb Code     0  rt_errno_addr_intlibspace.o(.text)
    __rt_errno_addr$intlibspace              0x00000aa9   Thumb Code     0  rt_errno_addr_intlibspace.o(.text)
    _ll_udiv10                               0x00000ab1   Thumb Code   138  lludiv10.o(.text)
    _printf_int_common                       0x00000b3b   Thumb Code   178  _printf_intcommon.o(.text)
    _printf_fp_dec_real                      0x00000d9d   Thumb Code   620  _printf_fp_dec.o(.text)
    _printf_fp_hex_real                      0x00001009   Thumb Code   756  _printf_fp_hex.o(.text)
    _printf_cs_common                        0x00001305   Thumb Code    20  _printf_char.o(.text)
    _printf_char                             0x00001319   Thumb Code    16  _printf_char.o(.text)
    _printf_string                           0x00001329   Thumb Code     8  _printf_char.o(.text)
    _printf_lcs_common                       0x00001331   Thumb Code    20  _printf_wchar.o(.text)
    _printf_wchar                            0x00001345   Thumb Code    16  _printf_wchar.o(.text)
    _printf_wstring                          0x00001355   Thumb Code     8  _printf_wchar.o(.text)
    _c16rtomb                                0x0000135d   Thumb Code    72  _c16rtomb.o(.text)
    _wcrtomb                                 0x0000135d   Thumb Code     0  _c16rtomb.o(.text)
    __user_libspace                          0x000013a5   Thumb Code     8  libspace.o(.text)
    __user_perproc_libspace                  0x000013a5   Thumb Code     0  libspace.o(.text)
    __user_perthread_libspace                0x000013a5   Thumb Code     0  libspace.o(.text)
    __user_setup_stackheap                   0x000013ad   Thumb Code    74  sys_stackheap_outer.o(.text)
    __rt_ctype_table                         0x000013f9   Thumb Code    16  rt_ctype_table.o(.text)
    __rt_locale                              0x00001409   Thumb Code     8  rt_locale_intlibspace.o(.text)
    _printf_fp_infnan                        0x00001411   Thumb Code   112  _printf_fp_infnan.o(.text)
    _btod_etento                             0x00001491   Thumb Code   224  bigflt0.o(.text)
    exit                                     0x00001575   Thumb Code    18  exit.o(.text)
    strcmp                                   0x00001589   Thumb Code   124  strcmpv7em.o(.text)
    _sys_exit                                0x00001605   Thumb Code     8  sys_exit.o(.text)
    __I$use$semihosting                      0x00001611   Thumb Code     0  use_no_semi.o(.text)
    __use_no_semihosting_swi                 0x00001611   Thumb Code     2  use_no_semi.o(.text)
    __semihosting_library_function           0x00001613   Thumb Code     0  indicate_semi.o(.text)
    AutoDisplay                              0x00001619   Thumb Code   664  lcdpanel.o(.text.AutoDisplay)
    DelayMicroseconds                        0x000018c1   Thumb Code    42  general.o(.text.DelayMicroseconds)
    DelayMilliseconds                        0x000018ed   Thumb Code    62  general.o(.text.DelayMilliseconds)
    DrawLine                                 0x0000192d   Thumb Code   208  lcdpanel.o(.text.DrawLine)
    ES_setSystemClk                          0x00001a01   Thumb Code   216  sysclock.o(.text.ES_setSystemClk)
    FindAngle                                0x00001ae1   Thumb Code    96  pwmconfigs.o(.text.FindAngle)
    MainDisplay                              0x00001b41   Thumb Code   122  lcdpanel.o(.text.MainDisplay)
    ManualDisplay                            0x00001bbd   Thumb Code   146  lcdpanel.o(.text.ManualDisplay)
    ReadADC                                  0x00001c51   Thumb Code   120  adcconfigs.o(.text.ReadADC)
    ReadRadar                                0x00001cc9   Thumb Code   348  radar.o(.text.ReadRadar)
    ReadUserInput                            0x00001e31   Thumb Code   372  application.o(.text.ReadUserInput)
    SetupADCGPIO                             0x00001fb1   Thumb Code   248  adcconfigs.o(.text.SetupADCGPIO)
    SetupGPIOA                               0x000020a9   Thumb Code    90  peripherals.o(.text.SetupGPIOA)
    SetupGPIOE                               0x00002105   Thumb Code    80  peripherals.o(.text.SetupGPIOE)
    SetupGPIOF                               0x00002155   Thumb Code    96  peripherals.o(.text.SetupGPIOF)
    SetupGPIOM                               0x000021b5   Thumb Code    72  peripherals.o(.text.SetupGPIOM)
    SetupLCDPorts                            0x000021fd   Thumb Code   136  lcdpanel.o(.text.SetupLCDPorts)
    SetupPWM                                 0x00002285   Thumb Code   132  pwmconfigs.o(.text.SetupPWM)
    SetupPiezoTimer                          0x00002309   Thumb Code   112  peripherals.o(.text.SetupPiezoTimer)
    SetupSweepTimer                          0x00002379   Thumb Code   160  pwmconfigs.o(.text.SetupSweepTimer)
    SetupTimer                               0x00002419   Thumb Code   106  peripherals.o(.text.SetupTimer)
    SetupUART0                               0x00002485   Thumb Code   154  peripherals.o(.text.SetupUART0)
    SystemInit                               0x00002521   Thumb Code    36  system_tm4c129.o(.text.SystemInit)
    SystemInitialise                         0x00002545   Thumb Code   112  application.o(.text.SystemInitialise)
    SystemUpdate                             0x000025b5   Thumb Code    28  application.o(.text.SystemUpdate)
    TIMER3A_Handler                          0x000025d1   Thumb Code   326  pwmconfigs.o(.text.TIMER3A_Handler)
    UART0_Handler                            0x00002719   Thumb Code   192  application.o(.text.UART0_Handler)
    UpdateScreen                             0x000027d9   Thumb Code    94  lcdpanel.o(.text.UpdateScreen)
    WriteNewLine                             0x00002839   Thumb Code    84  general.o(.text.WriteNewLine)
    WriteStringUART                          0x0000288d   Thumb Code    34  general.o(.text.WriteStringUART)
    WriteUART                                0x000028b1   Thumb Code    46  general.o(.text.WriteUART)
    clearScreen                              0x000029c9   Thumb Code    10  ili9341.o(.text.clearScreen)
    drawChar                                 0x000029d5   Thumb Code   852  ili9341.o(.text.drawChar)
    drawPixel                                0x00002d29   Thumb Code    88  ili9341.o(.text.drawPixel)
    drawString                               0x00002d81   Thumb Code   204  ili9341.o(.text.drawString)
    fillRect                                 0x00002e4d   Thumb Code   296  ili9341.o(.text.fillRect)
    fillScreen                               0x00002f75   Thumb Code    44  ili9341.o(.text.fillScreen)
    initLCD                                  0x00002fa1   Thumb Code   588  ili9341.o(.text.initLCD)
    initSPI                                  0x000031ed   Thumb Code   122  lcdpanel.o(.text.initSPI)
    main                                     0x00003269   Thumb Code    50  main.o(.text.main)
    moveCursor                               0x0000329d   Thumb Code    76  ili9341.o(.text.moveCursor)
    setAddrWindow                            0x000032e9   Thumb Code   106  ili9341.o(.text.setAddrWindow)
    setCharConfig                            0x00003355   Thumb Code    70  ili9341.o(.text.setCharConfig)
    setRotation                              0x0000339d   Thumb Code   204  ili9341.o(.text.setRotation)
    spi_Transmit                             0x00003469   Thumb Code    68  lcdpanel.o(.text.spi_Transmit)
    waitMicrosecond                          0x000034ad   Thumb Code    40  ili9341.o(.text.waitMicrosecond)
    writecommand                             0x000034d5   Thumb Code    40  ili9341.o(.text.writecommand)
    writedata                                0x000034fd   Thumb Code    40  ili9341.o(.text.writedata)
    _btod_d2e                                0x00003525   Thumb Code    62  btod.o(CL$$btod_d2e)
    _d2e_denorm_low                          0x00003563   Thumb Code    70  btod.o(CL$$btod_d2e_denorm_low)
    _d2e_norm_op1                            0x000035a9   Thumb Code    96  btod.o(CL$$btod_d2e_norm_op1)
    __btod_div_common                        0x00003609   Thumb Code   696  btod.o(CL$$btod_div_common)
    _e2e                                     0x00003941   Thumb Code   220  btod.o(CL$$btod_e2e)
    _btod_ediv                               0x00003a1d   Thumb Code    42  btod.o(CL$$btod_ediv)
    _btod_emul                               0x00003a47   Thumb Code    42  btod.o(CL$$btod_emul)
    __btod_mult_common                       0x00003a71   Thumb Code   580  btod.o(CL$$btod_mult_common)
    SysCtlClockFreqSet                       0x00003cb5   Thumb Code   700  sysctl.o(i.SysCtlClockFreqSet)
    __ARM_fpclassify                         0x00003f99   Thumb Code    48  fpclassify.o(i.__ARM_fpclassify)
    __hardfp_cos                             0x00003fc9   Thumb Code   180  cos.o(i.__hardfp_cos)
    __hardfp_sin                             0x00004091   Thumb Code   180  sin.o(i.__hardfp_sin)
    __ieee754_rem_pio2                       0x00004159   Thumb Code   938  rred.o(i.__ieee754_rem_pio2)
    __kernel_cos                             0x00004591   Thumb Code   322  cos_i.o(i.__kernel_cos)
    __kernel_poly                            0x00004701   Thumb Code   248  poly.o(i.__kernel_poly)
    __kernel_sin                             0x000047f9   Thumb Code   280  sin_i.o(i.__kernel_sin)
    __mathlib_dbl_infnan                     0x00004929   Thumb Code    20  dunder.o(i.__mathlib_dbl_infnan)
    __mathlib_dbl_invalid                    0x00004941   Thumb Code    24  dunder.o(i.__mathlib_dbl_invalid)
    __mathlib_dbl_underflow                  0x00004961   Thumb Code    24  dunder.o(i.__mathlib_dbl_underflow)
    _is_digit                                0x00004981   Thumb Code    14  __printf_wp.o(i._is_digit)
    fabs                                     0x0000498f   Thumb Code    24  fabs.o(i.fabs)
    _get_lc_numeric                          0x000049a9   Thumb Code    44  lc_numeric_c.o(locale$$code)
    _get_lc_ctype                            0x000049d5   Thumb Code    44  lc_ctype_c.o(locale$$code)
    __aeabi_dneg                             0x00004a01   Thumb Code     0  basic.o(x$fpl$basic)
    _dneg                                    0x00004a01   Thumb Code     6  basic.o(x$fpl$basic)
    __aeabi_fneg                             0x00004a07   Thumb Code     0  basic.o(x$fpl$basic)
    _fneg                                    0x00004a07   Thumb Code     6  basic.o(x$fpl$basic)
    _dabs                                    0x00004a0d   Thumb Code     6  basic.o(x$fpl$basic)
    _fabs                                    0x00004a13   Thumb Code     6  basic.o(x$fpl$basic)
    __aeabi_d2f                              0x00004a19   Thumb Code     0  d2f.o(x$fpl$d2f)
    _d2f                                     0x00004a19   Thumb Code    98  d2f.o(x$fpl$d2f)
    __aeabi_dadd                             0x00004a7d   Thumb Code     0  daddsub_clz.o(x$fpl$dadd)
    _dadd                                    0x00004a7d   Thumb Code   332  daddsub_clz.o(x$fpl$dadd)
    __aeabi_ddiv                             0x00004bcd   Thumb Code     0  ddiv.o(x$fpl$ddiv)
    _ddiv                                    0x00004bcd   Thumb Code   560  ddiv.o(x$fpl$ddiv)
    __aeabi_d2iz                             0x00004e85   Thumb Code     0  dfix.o(x$fpl$dfix)
    _dfix                                    0x00004e85   Thumb Code    94  dfix.o(x$fpl$dfix)
    __aeabi_d2uiz                            0x00004ee5   Thumb Code     0  dfixu.o(x$fpl$dfixu)
    _dfixu                                   0x00004ee5   Thumb Code    90  dfixu.o(x$fpl$dfixu)
    __aeabi_i2d                              0x00004f3f   Thumb Code     0  dflt_clz.o(x$fpl$dflt)
    _dflt                                    0x00004f3f   Thumb Code    46  dflt_clz.o(x$fpl$dflt)
    __aeabi_ui2d                             0x00004f6d   Thumb Code     0  dflt_clz.o(x$fpl$dfltu)
    _dfltu                                   0x00004f6d   Thumb Code    38  dflt_clz.o(x$fpl$dfltu)
    __aeabi_dmul                             0x00004f95   Thumb Code     0  dmul.o(x$fpl$dmul)
    _dmul                                    0x00004f95   Thumb Code   332  dmul.o(x$fpl$dmul)
    __fpl_dnaninf                            0x000050e9   Thumb Code   156  dnaninf.o(x$fpl$dnaninf)
    __fpl_dretinf                            0x00005185   Thumb Code    12  dretinf.o(x$fpl$dretinf)
    __aeabi_drsub                            0x00005191   Thumb Code     0  daddsub_clz.o(x$fpl$drsb)
    _drsb                                    0x00005191   Thumb Code    22  daddsub_clz.o(x$fpl$drsb)
    __aeabi_dsub                             0x000051a9   Thumb Code     0  daddsub_clz.o(x$fpl$dsub)
    _dsub                                    0x000051a9   Thumb Code   472  daddsub_clz.o(x$fpl$dsub)
    __aeabi_f2d                              0x00005385   Thumb Code     0  f2d.o(x$fpl$f2d)
    _f2d                                     0x00005385   Thumb Code    86  f2d.o(x$fpl$f2d)
    __fpl_fnaninf                            0x000053db   Thumb Code   140  fnaninf.o(x$fpl$fnaninf)
    _fp_init                                 0x00005467   Thumb Code    26  fpinit.o(x$fpl$fpinit)
    __fplib_config_fpu_vfp                   0x0000547f   Thumb Code     0  fpinit.o(x$fpl$fpinit)
    __fplib_config_pureend_doubles           0x0000547f   Thumb Code     0  fpinit.o(x$fpl$fpinit)
    __fpl_fretinf                            0x00005481   Thumb Code    10  fretinf.o(x$fpl$fretinf)
    _printf_fp_dec                           0x0000548b   Thumb Code     4  printf1.o(x$fpl$printf1)
    _printf_fp_hex                           0x0000548f   Thumb Code     4  printf2.o(x$fpl$printf2)
    __I$use$fp                               0x00005492   Number         0  usenofp.o(x$fpl$usenofp)
    calibri_14ptBitmaps                      0x00005948   Data        2057  ili9341.o(.rodata.calibri_14ptBitmaps)
    calibri_14ptDescriptors                  0x00006152   Data         564  ili9341.o(.rodata.calibri_14ptDescriptors)
    Region$$Table$$Base                      0x00006424   Number         0  anon$$obj.o(Region$$Table)
    Region$$Table$$Limit                     0x00006444   Number         0  anon$$obj.o(Region$$Table)
    __ctype                                  0x0000646d   Data           0  lc_ctype_c.o(locale$$data)
    SystemCoreClock                          0x20000000   Data           4  system_tm4c129.o(.data.SystemCoreClock)
    servoInfo                                0x20000004   Data           8  application.o(.data.servoInfo)
    __libspace_start                         0x20000010   Data          96  libspace.o(.bss)
    LCD                                      0x20000070   Data          16  ili9341.o(.bss.LCD)
    __temporary_stack_top$libspace           0x20000070   Data           0  libspace.o(.bss)
    font                                     0x20000080   Data           2  ili9341.o(.bss.font)
    sys                                      0x20000084   Data          28  main.o(.bss.sys)
    uartEchoBuffer                           0x200000a0   Data           1  application.o(.bss.uartEchoBuffer)



==============================================================================

Memory Map of the image

  Image Entry point : 0x00000379

  Load Region LR_1 (Base: 0x00000000, Size: 0x0000657c, Max: 0xffffffff, ABSOLUTE)

    Execution Region ER_RO (Exec base: 0x00000000, Load base: 0x00000000, Size: 0x00006570, Max: 0xffffffff, ABSOLUTE)

    Exec Addr    Load Addr    Size         Type   Attr      Idx    E Section Name        Object

    0x00000000   0x00000000   0x00000200   Data   RO          161    RESET               startup_tm4c129.o
    0x00000200   0x00000200   0x00000008   Code   RO          744  * !!!main             c_w.l(__main.o)
    0x00000208   0x00000208   0x0000005c   Code   RO         1175    !!!scatter          c_w.l(__scatter.o)
    0x00000264   0x00000264   0x0000001a   Code   RO         1179    !!handler_copy      c_w.l(__scatter_copy.o)
    0x0000027e   0x0000027e   0x00000002   PAD
    0x00000280   0x00000280   0x00000002   Code   RO         1176    !!handler_null      c_w.l(__scatter.o)
    0x00000282   0x00000282   0x00000002   PAD
    0x00000284   0x00000284   0x0000001c   Code   RO         1181    !!handler_zi        c_w.l(__scatter_zi.o)
    0x000002a0   0x000002a0   0x00000000   Code   RO          864    .ARM.Collect$$_printf_percent$$00000000  c_w.l(_printf_percent.o)
    0x000002a0   0x000002a0   0x00000006   Code   RO          853    .ARM.Collect$$_printf_percent$$00000001  c_w.l(_printf_n.o)
    0x000002a6   0x000002a6   0x00000006   Code   RO          855    .ARM.Collect$$_printf_percent$$00000002  c_w.l(_printf_p.o)
    0x000002ac   0x000002ac   0x00000006   Code   RO          860    .ARM.Collect$$_printf_percent$$00000003  c_w.l(_printf_f.o)
    0x000002b2   0x000002b2   0x00000006   Code   RO          861    .ARM.Collect$$_printf_percent$$00000004  c_w.l(_printf_e.o)
    0x000002b8   0x000002b8   0x00000006   Code   RO          862    .ARM.Collect$$_printf_percent$$00000005  c_w.l(_printf_g.o)
    0x000002be   0x000002be   0x00000006   Code   RO          863    .ARM.Collect$$_printf_percent$$00000006  c_w.l(_printf_a.o)
    0x000002c4   0x000002c4   0x0000000a   Code   RO          868    .ARM.Collect$$_printf_percent$$00000007  c_w.l(_printf_ll.o)
    0x000002ce   0x000002ce   0x00000006   Code   RO          857    .ARM.Collect$$_printf_percent$$00000008  c_w.l(_printf_i.o)
    0x000002d4   0x000002d4   0x00000006   Code   RO          858    .ARM.Collect$$_printf_percent$$00000009  c_w.l(_printf_d.o)
    0x000002da   0x000002da   0x00000006   Code   RO          859    .ARM.Collect$$_printf_percent$$0000000A  c_w.l(_printf_u.o)
    0x000002e0   0x000002e0   0x00000006   Code   RO          856    .ARM.Collect$$_printf_percent$$0000000B  c_w.l(_printf_o.o)
    0x000002e6   0x000002e6   0x00000006   Code   RO          854    .ARM.Collect$$_printf_percent$$0000000C  c_w.l(_printf_x.o)
    0x000002ec   0x000002ec   0x00000006   Code   RO          865    .ARM.Collect$$_printf_percent$$0000000D  c_w.l(_printf_lli.o)
    0x000002f2   0x000002f2   0x00000006   Code   RO          866    .ARM.Collect$$_printf_percent$$0000000E  c_w.l(_printf_lld.o)
    0x000002f8   0x000002f8   0x00000006   Code   RO          867    .ARM.Collect$$_printf_percent$$0000000F  c_w.l(_printf_llu.o)
    0x000002fe   0x000002fe   0x00000006   Code   RO          872    .ARM.Collect$$_printf_percent$$00000010  c_w.l(_printf_llo.o)
    0x00000304   0x00000304   0x00000006   Code   RO          873    .ARM.Collect$$_printf_percent$$00000011  c_w.l(_printf_llx.o)
    0x0000030a   0x0000030a   0x0000000a   Code   RO          869    .ARM.Collect$$_printf_percent$$00000012  c_w.l(_printf_l.o)
    0x00000314   0x00000314   0x00000006   Code   RO          851    .ARM.Collect$$_printf_percent$$00000013  c_w.l(_printf_c.o)
    0x0000031a   0x0000031a   0x00000006   Code   RO          852    .ARM.Collect$$_printf_percent$$00000014  c_w.l(_printf_s.o)
    0x00000320   0x00000320   0x00000006   Code   RO          870    .ARM.Collect$$_printf_percent$$00000015  c_w.l(_printf_lc.o)
    0x00000326   0x00000326   0x00000006   Code   RO          871    .ARM.Collect$$_printf_percent$$00000016  c_w.l(_printf_ls.o)
    0x0000032c   0x0000032c   0x00000004   Code   RO          955    .ARM.Collect$$_printf_percent$$00000017  c_w.l(_printf_percent_end.o)
    0x00000330   0x00000330   0x00000002   Code   RO         1029    .ARM.Collect$$libinit$$00000000  c_w.l(libinit.o)
    0x00000332   0x00000332   0x00000004   Code   RO         1041    .ARM.Collect$$libinit$$00000001  c_w.l(libinit2.o)
    0x00000336   0x00000336   0x00000000   Code   RO         1044    .ARM.Collect$$libinit$$00000004  c_w.l(libinit2.o)
    0x00000336   0x00000336   0x00000000   Code   RO         1046    .ARM.Collect$$libinit$$00000006  c_w.l(libinit2.o)
    0x00000336   0x00000336   0x00000000   Code   RO         1049    .ARM.Collect$$libinit$$0000000C  c_w.l(libinit2.o)
    0x00000336   0x00000336   0x00000000   Code   RO         1051    .ARM.Collect$$libinit$$0000000E  c_w.l(libinit2.o)
    0x00000336   0x00000336   0x00000000   Code   RO         1053    .ARM.Collect$$libinit$$00000010  c_w.l(libinit2.o)
    0x00000336   0x00000336   0x00000006   Code   RO         1054    .ARM.Collect$$libinit$$00000011  c_w.l(libinit2.o)
    0x0000033c   0x0000033c   0x00000000   Code   RO         1056    .ARM.Collect$$libinit$$00000013  c_w.l(libinit2.o)
    0x0000033c   0x0000033c   0x0000000c   Code   RO         1057    .ARM.Collect$$libinit$$00000014  c_w.l(libinit2.o)
    0x00000348   0x00000348   0x00000000   Code   RO         1058    .ARM.Collect$$libinit$$00000015  c_w.l(libinit2.o)
    0x00000348   0x00000348   0x00000000   Code   RO         1060    .ARM.Collect$$libinit$$00000017  c_w.l(libinit2.o)
    0x00000348   0x00000348   0x0000000a   Code   RO         1061    .ARM.Collect$$libinit$$00000018  c_w.l(libinit2.o)
    0x00000352   0x00000352   0x00000000   Code   RO         1062    .ARM.Collect$$libinit$$00000019  c_w.l(libinit2.o)
    0x00000352   0x00000352   0x00000000   Code   RO         1064    .ARM.Collect$$libinit$$0000001B  c_w.l(libinit2.o)
    0x00000352   0x00000352   0x00000000   Code   RO         1066    .ARM.Collect$$libinit$$0000001D  c_w.l(libinit2.o)
    0x00000352   0x00000352   0x00000000   Code   RO         1068    .ARM.Collect$$libinit$$0000001F  c_w.l(libinit2.o)
    0x00000352   0x00000352   0x00000000   Code   RO         1070    .ARM.Collect$$libinit$$00000021  c_w.l(libinit2.o)
    0x00000352   0x00000352   0x00000000   Code   RO         1072    .ARM.Collect$$libinit$$00000023  c_w.l(libinit2.o)
    0x00000352   0x00000352   0x00000000   Code   RO         1074    .ARM.Collect$$libinit$$00000025  c_w.l(libinit2.o)
    0x00000352   0x00000352   0x00000000   Code   RO         1076    .ARM.Collect$$libinit$$00000027  c_w.l(libinit2.o)
    0x00000352   0x00000352   0x00000000   Code   RO         1080    .ARM.Collect$$libinit$$0000002E  c_w.l(libinit2.o)
    0x00000352   0x00000352   0x00000000   Code   RO         1082    .ARM.Collect$$libinit$$00000030  c_w.l(libinit2.o)
    0x00000352   0x00000352   0x00000000   Code   RO         1084    .ARM.Collect$$libinit$$00000032  c_w.l(libinit2.o)
    0x00000352   0x00000352   0x00000000   Code   RO         1086    .ARM.Collect$$libinit$$00000034  c_w.l(libinit2.o)
    0x00000352   0x00000352   0x00000002   Code   RO         1087    .ARM.Collect$$libinit$$00000035  c_w.l(libinit2.o)
    0x00000354   0x00000354   0x00000002   Code   RO         1111    .ARM.Collect$$libshutdown$$00000000  c_w.l(libshutdown.o)
    0x00000356   0x00000356   0x00000000   Code   RO         1126    .ARM.Collect$$libshutdown$$00000002  c_w.l(libshutdown2.o)
    0x00000356   0x00000356   0x00000000   Code   RO         1128    .ARM.Collect$$libshutdown$$00000004  c_w.l(libshutdown2.o)
    0x00000356   0x00000356   0x00000000   Code   RO         1131    .ARM.Collect$$libshutdown$$00000007  c_w.l(libshutdown2.o)
    0x00000356   0x00000356   0x00000000   Code   RO         1134    .ARM.Collect$$libshutdown$$0000000A  c_w.l(libshutdown2.o)
    0x00000356   0x00000356   0x00000000   Code   RO         1136    .ARM.Collect$$libshutdown$$0000000C  c_w.l(libshutdown2.o)
    0x00000356   0x00000356   0x00000000   Code   RO         1139    .ARM.Collect$$libshutdown$$0000000F  c_w.l(libshutdown2.o)
    0x00000356   0x00000356   0x00000002   Code   RO         1140    .ARM.Collect$$libshutdown$$00000010  c_w.l(libshutdown2.o)
    0x00000358   0x00000358   0x00000000   Code   RO          778    .ARM.Collect$$rtentry$$00000000  c_w.l(__rtentry.o)
    0x00000358   0x00000358   0x00000000   Code   RO          919    .ARM.Collect$$rtentry$$00000002  c_w.l(__rtentry2.o)
    0x00000358   0x00000358   0x00000006   Code   RO          931    .ARM.Collect$$rtentry$$00000004  c_w.l(__rtentry4.o)
    0x0000035e   0x0000035e   0x00000000   Code   RO          921    .ARM.Collect$$rtentry$$00000009  c_w.l(__rtentry2.o)
    0x0000035e   0x0000035e   0x00000004   Code   RO          922    .ARM.Collect$$rtentry$$0000000A  c_w.l(__rtentry2.o)
    0x00000362   0x00000362   0x00000000   Code   RO          924    .ARM.Collect$$rtentry$$0000000C  c_w.l(__rtentry2.o)
    0x00000362   0x00000362   0x00000008   Code   RO          925    .ARM.Collect$$rtentry$$0000000D  c_w.l(__rtentry2.o)
    0x0000036a   0x0000036a   0x00000002   Code   RO         1032    .ARM.Collect$$rtexit$$00000000  c_w.l(rtexit.o)
    0x0000036c   0x0000036c   0x00000000   Code   RO         1089    .ARM.Collect$$rtexit$$00000002  c_w.l(rtexit2.o)
    0x0000036c   0x0000036c   0x00000004   Code   RO         1090    .ARM.Collect$$rtexit$$00000003  c_w.l(rtexit2.o)
    0x00000370   0x00000370   0x00000006   Code   RO         1091    .ARM.Collect$$rtexit$$00000004  c_w.l(rtexit2.o)
    0x00000376   0x00000376   0x00000002   PAD
    0x00000378   0x00000378   0x0000012c   Code   RO          162  * .text               startup_tm4c129.o
    0x000004a4   0x000004a4   0x00000040   Code   RO          738    .text               c_w.l(snprintf.o)
    0x000004e4   0x000004e4   0x0000003e   Code   RO          740    .text               c_w.l(strlen.o)
    0x00000522   0x00000522   0x00000006   Code   RO          742    .text               c_w.l(heapauxi.o)
    0x00000528   0x00000528   0x00000016   Code   RO          779    .text               c_w.l(_rserrno.o)
    0x0000053e   0x0000053e   0x0000004e   Code   RO          783    .text               c_w.l(_printf_pad.o)
    0x0000058c   0x0000058c   0x00000024   Code   RO          785    .text               c_w.l(_printf_truncate.o)
    0x000005b0   0x000005b0   0x00000052   Code   RO          787    .text               c_w.l(_printf_str.o)
    0x00000602   0x00000602   0x00000002   PAD
    0x00000604   0x00000604   0x00000078   Code   RO          789    .text               c_w.l(_printf_dec.o)
    0x0000067c   0x0000067c   0x00000028   Code   RO          791    .text               c_w.l(_printf_charcount.o)
    0x000006a4   0x000006a4   0x00000030   Code   RO          793    .text               c_w.l(_printf_char_common.o)
    0x000006d4   0x000006d4   0x00000010   Code   RO          797    .text               c_w.l(_snputc.o)
    0x000006e4   0x000006e4   0x000000bc   Code   RO          799    .text               c_w.l(_printf_wctomb.o)
    0x000007a0   0x000007a0   0x0000007c   Code   RO          802    .text               c_w.l(_printf_longlong_dec.o)
    0x0000081c   0x0000081c   0x00000070   Code   RO          808    .text               c_w.l(_printf_oct_int_ll.o)
    0x0000088c   0x0000088c   0x00000094   Code   RO          828    .text               c_w.l(_printf_hex_int_ll_ptr.o)
    0x00000920   0x00000920   0x00000188   Code   RO          848    .text               c_w.l(__printf_flags_ss_wp.o)
    0x00000aa8   0x00000aa8   0x00000008   Code   RO          936    .text               c_w.l(rt_errno_addr_intlibspace.o)
    0x00000ab0   0x00000ab0   0x0000008a   Code   RO          938    .text               c_w.l(lludiv10.o)
    0x00000b3a   0x00000b3a   0x000000b2   Code   RO          940    .text               c_w.l(_printf_intcommon.o)
    0x00000bec   0x00000bec   0x0000041c   Code   RO          942    .text               c_w.l(_printf_fp_dec.o)
    0x00001008   0x00001008   0x000002fc   Code   RO          946    .text               c_w.l(_printf_fp_hex.o)
    0x00001304   0x00001304   0x0000002c   Code   RO          951    .text               c_w.l(_printf_char.o)
    0x00001330   0x00001330   0x0000002c   Code   RO          953    .text               c_w.l(_printf_wchar.o)
    0x0000135c   0x0000135c   0x00000048   Code   RO          956    .text               c_w.l(_c16rtomb.o)
    0x000013a4   0x000013a4   0x00000008   Code   RO          978    .text               c_w.l(libspace.o)
    0x000013ac   0x000013ac   0x0000004a   Code   RO          981    .text               c_w.l(sys_stackheap_outer.o)
    0x000013f6   0x000013f6   0x00000002   PAD
    0x000013f8   0x000013f8   0x00000010   Code   RO          983    .text               c_w.l(rt_ctype_table.o)
    0x00001408   0x00001408   0x00000008   Code   RO          988    .text               c_w.l(rt_locale_intlibspace.o)
    0x00001410   0x00001410   0x00000080   Code   RO          990    .text               c_w.l(_printf_fp_infnan.o)
    0x00001490   0x00001490   0x000000e4   Code   RO          992    .text               c_w.l(bigflt0.o)
    0x00001574   0x00001574   0x00000012   Code   RO         1022    .text               c_w.l(exit.o)
    0x00001586   0x00001586   0x00000002   PAD
    0x00001588   0x00001588   0x0000007c   Code   RO         1039    .text               c_w.l(strcmpv7em.o)
    0x00001604   0x00001604   0x0000000c   Code   RO         1101    .text               c_w.l(sys_exit.o)
    0x00001610   0x00001610   0x00000002   Code   RO         1116    .text               c_w.l(use_no_semi.o)
    0x00001612   0x00001612   0x00000000   Code   RO         1118    .text               c_w.l(indicate_semi.o)
    0x00001612   0x00001612   0x00000006   PAD
    0x00001618   0x00001618   0x000002a8   Code   RO          124    .text.AutoDisplay   lcdpanel.o
    0x000018c0   0x000018c0   0x0000002a   Code   RO           63    .text.DelayMicroseconds  general.o
    0x000018ea   0x000018ea   0x00000002   PAD
    0x000018ec   0x000018ec   0x0000003e   Code   RO           65    .text.DelayMilliseconds  general.o
    0x0000192a   0x0000192a   0x00000002   PAD
    0x0000192c   0x0000192c   0x000000d0   Code   RO          122    .text.DrawLine      lcdpanel.o
    0x000019fc   0x000019fc   0x00000004   PAD
    0x00001a00   0x00001a00   0x000000e0   Code   RO          181    .text.ES_setSystemClk  ES.lib(sysclock.o)
    0x00001ae0   0x00001ae0   0x00000060   Code   RO           94    .text.FindAngle     pwmconfigs.o
    0x00001b40   0x00001b40   0x0000007a   Code   RO          126    .text.MainDisplay   lcdpanel.o
    0x00001bba   0x00001bba   0x00000002   PAD
    0x00001bbc   0x00001bbc   0x00000092   Code   RO          128    .text.ManualDisplay  lcdpanel.o
    0x00001c4e   0x00001c4e   0x00000002   PAD
    0x00001c50   0x00001c50   0x00000078   Code   RO           77    .text.ReadADC       adcconfigs.o
    0x00001cc8   0x00001cc8   0x00000168   Code   RO          105    .text.ReadRadar     radar.o
    0x00001e30   0x00001e30   0x00000180   Code   RO           16    .text.ReadUserInput  application.o
    0x00001fb0   0x00001fb0   0x000000f8   Code   RO           75    .text.SetupADCGPIO  adcconfigs.o
    0x000020a8   0x000020a8   0x0000005a   Code   RO           36    .text.SetupGPIOA    peripherals.o
    0x00002102   0x00002102   0x00000002   PAD
    0x00002104   0x00002104   0x00000050   Code   RO           40    .text.SetupGPIOE    peripherals.o
    0x00002154   0x00002154   0x00000060   Code   RO           38    .text.SetupGPIOF    peripherals.o
    0x000021b4   0x000021b4   0x00000048   Code   RO           46    .text.SetupGPIOM    peripherals.o
    0x000021fc   0x000021fc   0x00000088   Code   RO          114    .text.SetupLCDPorts  lcdpanel.o
    0x00002284   0x00002284   0x00000084   Code   RO           86    .text.SetupPWM      pwmconfigs.o
    0x00002308   0x00002308   0x00000070   Code   RO           44    .text.SetupPiezoTimer  peripherals.o
    0x00002378   0x00002378   0x000000a0   Code   RO           88    .text.SetupSweepTimer  pwmconfigs.o
    0x00002418   0x00002418   0x0000006a   Code   RO           42    .text.SetupTimer    peripherals.o
    0x00002482   0x00002482   0x00000002   PAD
    0x00002484   0x00002484   0x0000009a   Code   RO           30    .text.SetupUART0    peripherals.o
    0x0000251e   0x0000251e   0x00000002   PAD
    0x00002520   0x00002520   0x00000024   Code   RO          171    .text.SystemInit    system_tm4c129.o
    0x00002544   0x00002544   0x00000070   Code   RO           12    .text.SystemInitialise  application.o
    0x000025b4   0x000025b4   0x0000001c   Code   RO           14    .text.SystemUpdate  application.o
    0x000025d0   0x000025d0   0x00000146   Code   RO           96    .text.TIMER3A_Handler  pwmconfigs.o
    0x00002716   0x00002716   0x00000002   PAD
    0x00002718   0x00002718   0x000000c0   Code   RO           18    .text.UART0_Handler  application.o
    0x000027d8   0x000027d8   0x0000005e   Code   RO          120    .text.UpdateScreen  lcdpanel.o
    0x00002836   0x00002836   0x00000002   PAD
    0x00002838   0x00002838   0x00000054   Code   RO           61    .text.WriteNewLine  general.o
    0x0000288c   0x0000288c   0x00000022   Code   RO           59    .text.WriteStringUART  general.o
    0x000028ae   0x000028ae   0x00000002   PAD
    0x000028b0   0x000028b0   0x0000002e   Code   RO           57    .text.WriteUART     general.o
    0x000028de   0x000028de   0x00000002   PAD
    0x000028e0   0x000028e0   0x00000030   Code   RO           34    .text.__NVIC_EnableIRQ  peripherals.o
    0x00002910   0x00002910   0x00000030   Code   RO           90    .text.__NVIC_EnableIRQ  pwmconfigs.o
    0x00002940   0x00002940   0x00000042   Code   RO           32    .text.__NVIC_SetPriority  peripherals.o
    0x00002982   0x00002982   0x00000002   PAD
    0x00002984   0x00002984   0x00000042   Code   RO           92    .text.__NVIC_SetPriority  pwmconfigs.o
    0x000029c6   0x000029c6   0x00000002   PAD
    0x000029c8   0x000029c8   0x0000000a   Code   RO          218    .text.clearScreen   LCD_Display.lib(ili9341.o)
    0x000029d2   0x000029d2   0x00000002   PAD
    0x000029d4   0x000029d4   0x00000354   Code   RO          214    .text.drawChar      LCD_Display.lib(ili9341.o)
    0x00002d28   0x00002d28   0x00000058   Code   RO          210    .text.drawPixel     LCD_Display.lib(ili9341.o)
    0x00002d80   0x00002d80   0x000000cc   Code   RO          216    .text.drawString    LCD_Display.lib(ili9341.o)
    0x00002e4c   0x00002e4c   0x00000128   Code   RO          206    .text.fillRect      LCD_Display.lib(ili9341.o)
    0x00002f74   0x00002f74   0x0000002c   Code   RO          208    .text.fillScreen    LCD_Display.lib(ili9341.o)
    0x00002fa0   0x00002fa0   0x0000024c   Code   RO          200    .text.initLCD       LCD_Display.lib(ili9341.o)
    0x000031ec   0x000031ec   0x0000007a   Code   RO          116    .text.initSPI       lcdpanel.o
    0x00003266   0x00003266   0x00000002   PAD
    0x00003268   0x00003268   0x00000032   Code   RO            2    .text.main          main.o
    0x0000329a   0x0000329a   0x00000002   PAD
    0x0000329c   0x0000329c   0x0000004c   Code   RO          220    .text.moveCursor    LCD_Display.lib(ili9341.o)
    0x000032e8   0x000032e8   0x0000006a   Code   RO          204    .text.setAddrWindow  LCD_Display.lib(ili9341.o)
    0x00003352   0x00003352   0x00000002   PAD
    0x00003354   0x00003354   0x00000046   Code   RO          222    .text.setCharConfig  LCD_Display.lib(ili9341.o)
    0x0000339a   0x0000339a   0x00000002   PAD
    0x0000339c   0x0000339c   0x000000cc   Code   RO          202    .text.setRotation   LCD_Display.lib(ili9341.o)
    0x00003468   0x00003468   0x00000044   Code   RO          118    .text.spi_Transmit  lcdpanel.o
    0x000034ac   0x000034ac   0x00000028   Code   RO          194    .text.waitMicrosecond  LCD_Display.lib(ili9341.o)
    0x000034d4   0x000034d4   0x00000028   Code   RO          198    .text.writecommand  LCD_Display.lib(ili9341.o)
    0x000034fc   0x000034fc   0x00000028   Code   RO          196    .text.writedata     LCD_Display.lib(ili9341.o)
    0x00003524   0x00003524   0x0000003e   Code   RO          995    CL$$btod_d2e        c_w.l(btod.o)
    0x00003562   0x00003562   0x00000046   Code   RO          997    CL$$btod_d2e_denorm_low  c_w.l(btod.o)
    0x000035a8   0x000035a8   0x00000060   Code   RO          996    CL$$btod_d2e_norm_op1  c_w.l(btod.o)
    0x00003608   0x00003608   0x00000338   Code   RO         1005    CL$$btod_div_common  c_w.l(btod.o)
    0x00003940   0x00003940   0x000000dc   Code   RO         1002    CL$$btod_e2e        c_w.l(btod.o)
    0x00003a1c   0x00003a1c   0x0000002a   Code   RO          999    CL$$btod_ediv       c_w.l(btod.o)
    0x00003a46   0x00003a46   0x0000002a   Code   RO          998    CL$$btod_emul       c_w.l(btod.o)
    0x00003a70   0x00003a70   0x00000244   Code   RO         1004    CL$$btod_mult_common  c_w.l(btod.o)
    0x00003cb4   0x00003cb4   0x000002e4   Code   RO          240    i.SysCtlClockFreqSet  ES.lib(sysctl.o)
    0x00003f98   0x00003f98   0x00000030   Code   RO          974    i.__ARM_fpclassify  m_wm.l(fpclassify.o)
    0x00003fc8   0x00003fc8   0x000000c8   Code   RO          766    i.__hardfp_cos      m_wm.l(cos.o)
    0x00004090   0x00004090   0x000000c8   Code   RO          772    i.__hardfp_sin      m_wm.l(sin.o)
    0x00004158   0x00004158   0x00000438   Code   RO          910    i.__ieee754_rem_pio2  m_wm.l(rred.o)
    0x00004590   0x00004590   0x00000170   Code   RO          893    i.__kernel_cos      m_wm.l(cos_i.o)
    0x00004700   0x00004700   0x000000f8   Code   RO          976    i.__kernel_poly     m_wm.l(poly.o)
    0x000047f8   0x000047f8   0x00000130   Code   RO          915    i.__kernel_sin      m_wm.l(sin_i.o)
    0x00004928   0x00004928   0x00000014   Code   RO          897    i.__mathlib_dbl_infnan  m_wm.l(dunder.o)
    0x0000493c   0x0000493c   0x00000004   PAD
    0x00004940   0x00004940   0x00000020   Code   RO          899    i.__mathlib_dbl_invalid  m_wm.l(dunder.o)
    0x00004960   0x00004960   0x00000020   Code   RO          902    i.__mathlib_dbl_underflow  m_wm.l(dunder.o)
    0x00004980   0x00004980   0x0000000e   Code   RO          841    i._is_digit         c_w.l(__printf_wp.o)
    0x0000498e   0x0000498e   0x00000018   Code   RO          970    i.fabs              m_wm.l(fabs.o)
    0x000049a6   0x000049a6   0x00000002   PAD
    0x000049a8   0x000049a8   0x0000002c   Code   RO         1020    locale$$code        c_w.l(lc_numeric_c.o)
    0x000049d4   0x000049d4   0x0000002c   Code   RO         1037    locale$$code        c_w.l(lc_ctype_c.o)
    0x00004a00   0x00004a00   0x00000018   Code   RO          874    x$fpl$basic         fz_wm.l(basic.o)
    0x00004a18   0x00004a18   0x00000062   Code   RO          746    x$fpl$d2f           fz_wm.l(d2f.o)
    0x00004a7a   0x00004a7a   0x00000002   PAD
    0x00004a7c   0x00004a7c   0x00000150   Code   RO          958    x$fpl$dadd          fz_wm.l(daddsub_clz.o)
    0x00004bcc   0x00004bcc   0x000002b8   Code   RO          965    x$fpl$ddiv          fz_wm.l(ddiv.o)
    0x00004e84   0x00004e84   0x0000005e   Code   RO          748    x$fpl$dfix          fz_wm.l(dfix.o)
    0x00004ee2   0x00004ee2   0x00000002   PAD
    0x00004ee4   0x00004ee4   0x0000005a   Code   RO          752    x$fpl$dfixu         fz_wm.l(dfixu.o)
    0x00004f3e   0x00004f3e   0x0000002e   Code   RO          757    x$fpl$dflt          fz_wm.l(dflt_clz.o)
    0x00004f6c   0x00004f6c   0x00000026   Code   RO          756    x$fpl$dfltu         fz_wm.l(dflt_clz.o)
    0x00004f92   0x00004f92   0x00000002   PAD
    0x00004f94   0x00004f94   0x00000154   Code   RO          762    x$fpl$dmul          fz_wm.l(dmul.o)
    0x000050e8   0x000050e8   0x0000009c   Code   RO          876    x$fpl$dnaninf       fz_wm.l(dnaninf.o)
    0x00005184   0x00005184   0x0000000c   Code   RO          878    x$fpl$dretinf       fz_wm.l(dretinf.o)
    0x00005190   0x00005190   0x00000016   Code   RO          959    x$fpl$drsb          fz_wm.l(daddsub_clz.o)
    0x000051a6   0x000051a6   0x00000002   PAD
    0x000051a8   0x000051a8   0x000001dc   Code   RO          960    x$fpl$dsub          fz_wm.l(daddsub_clz.o)
    0x00005384   0x00005384   0x00000056   Code   RO          764    x$fpl$f2d           fz_wm.l(f2d.o)
    0x000053da   0x000053da   0x0000008c   Code   RO          880    x$fpl$fnaninf       fz_wm.l(fnaninf.o)
    0x00005466   0x00005466   0x0000001a   Code   RO         1099    x$fpl$fpinit        fz_wm.l(fpinit.o)
    0x00005480   0x00005480   0x0000000a   Code   RO          882    x$fpl$fretinf       fz_wm.l(fretinf.o)
    0x0000548a   0x0000548a   0x00000004   Code   RO          884    x$fpl$printf1       fz_wm.l(printf1.o)
    0x0000548e   0x0000548e   0x00000004   Code   RO          886    x$fpl$printf2       fz_wm.l(printf2.o)
    0x00005492   0x00005492   0x00000000   Code   RO          892    x$fpl$usenofp       fz_wm.l(usenofp.o)
    0x00005492   0x00005492   0x00000002   PAD
    0x00005494   0x00005494   0x00000254   Data   RO          294    .constdata          ES.lib(sysctl.o)
    0x000056e8   0x000056e8   0x00000008   Data   RO          800    .constdata          c_w.l(_printf_wctomb.o)
    0x000056f0   0x000056f0   0x00000028   Data   RO          829    .constdata          c_w.l(_printf_hex_int_ll_ptr.o)
    0x00005718   0x00005718   0x00000011   Data   RO          849    .constdata          c_w.l(__printf_flags_ss_wp.o)
    0x00005729   0x00005729   0x00000007   PAD
    0x00005730   0x00005730   0x00000030   Data   RO          894    .constdata          m_wm.l(cos_i.o)
    0x00005760   0x00005760   0x000000cc   Data   RO          912    .constdata          m_wm.l(rred.o)
    0x0000582c   0x0000582c   0x00000004   PAD
    0x00005830   0x00005830   0x00000028   Data   RO          916    .constdata          m_wm.l(sin_i.o)
    0x00005858   0x00005858   0x00000026   Data   RO          947    .constdata          c_w.l(_printf_fp_hex.o)
    0x0000587e   0x0000587e   0x00000002   PAD
    0x00005880   0x00005880   0x00000094   Data   RO          993    .constdata          c_w.l(bigflt0.o)
    0x00005914   0x00005914   0x00000034   Data   RO          185    .rodata..L__const.ES_setSystemClk.allowed_freq  ES.lib(sysclock.o)
    0x00005948   0x00005948   0x00000809   Data   RO          226    .rodata.calibri_14ptBitmaps  LCD_Display.lib(ili9341.o)
    0x00006151   0x00006151   0x00000001   PAD
    0x00006152   0x00006152   0x00000234   Data   RO          227    .rodata.calibri_14ptDescriptors  LCD_Display.lib(ili9341.o)
    0x00006386   0x00006386   0x0000000c   Data   RO           22    .rodata.str1.1      application.o
    0x00006392   0x00006392   0x00000008   Data   RO          107    .rodata.str1.1      radar.o
    0x0000639a   0x0000639a   0x00000089   Data   RO          130    .rodata.str1.1      lcdpanel.o
    0x00006423   0x00006423   0x00000001   PAD
    0x00006424   0x00006424   0x00000020   Data   RO         1174    Region$$Table       anon$$obj.o
    0x00006444   0x00006444   0x0000001c   Data   RO         1019    locale$$data        c_w.l(lc_numeric_c.o)
    0x00006460   0x00006460   0x00000110   Data   RO         1036    locale$$data        c_w.l(lc_ctype_c.o)


    Execution Region ER_RW (Exec base: 0x20000000, Load base: 0x00006570, Size: 0x0000000c, Max: 0xffffffff, ABSOLUTE)

    Exec Addr    Load Addr    Size         Type   Attr      Idx    E Section Name        Object

    0x20000000   0x00006570   0x00000004   Data   RW          173    .data.SystemCoreClock  system_tm4c129.o
    0x20000004   0x00006574   0x00000008   Data   RW           20    .data.servoInfo     application.o


    Execution Region ER_ZI (Exec base: 0x20000010, Load base: 0x0000657c, Size: 0x00000298, Max: 0xffffffff, ABSOLUTE)

    Exec Addr    Load Addr    Size         Type   Attr      Idx    E Section Name        Object

    0x20000010        -       0x00000060   Zero   RW          979    .bss                c_w.l(libspace.o)
    0x20000070        -       0x00000010   Zero   RW          228    .bss.LCD            LCD_Display.lib(ili9341.o)
    0x20000080        -       0x00000002   Zero   RW          229    .bss.font           LCD_Display.lib(ili9341.o)
    0x20000082   0x0000657c   0x00000002   PAD
    0x20000084        -       0x0000001c   Zero   RW            4    .bss.sys            main.o
    0x200000a0        -       0x00000001   Zero   RW           21    .bss.uartEchoBuffer  application.o
    0x200000a1   0x0000657c   0x00000003   PAD
    0x200000a4        -       0x00000004   Zero   RW          186    .bss.ui32SysClock   ES.lib(sysclock.o)
    0x200000a8        -       0x00000000   Zero   RW          160    HEAP                startup_tm4c129.o
    0x200000a8        -       0x00000200   Zero   RW          159    STACK               startup_tm4c129.o


==============================================================================

Image component sizes


      Code (inc. data)   RO Data    RW Data    ZI Data      Debug   Object Name

       368          0          0          0          0       8352   adcconfigs.o
       716         12         12          8          1       3857   application.o
       268          0          0          0          0       2216   general.o
      1576         16        137          0          0       9056   lcdpanel.o
        50          0          0          0         28       1192   main.o
       824          0          0          0          0      11727   peripherals.o
       828          0          0          0          0      12763   pwmconfigs.o
       360         12          8          0          0       2433   radar.o
       300         22        512          0        512       6020   startup_tm4c129.o
        36          0          0          4          0       1491   system_tm4c129.o

    ----------------------------------------------------------------------
      5360         62        702         12        544      59107   Object Totals
         0          0         32          0          0          0   (incl. Generated)
        34          0          1          0          3          0   (incl. Padding)

    ----------------------------------------------------------------------

      Code (inc. data)   RO Data    RW Data    ZI Data      Debug   Library Member Name

       224          8         52          0          4       1010   sysclock.o
       740         40        596          0          0       7961   sysctl.o
      2658          4       2621          0         18       6850   ili9341.o
         8          0          0          0          0         68   __main.o
       392          4         17          0          0         92   __printf_flags_ss_wp.o
        14          0          0          0          0         68   __printf_wp.o
         0          0          0          0          0          0   __rtentry.o
        12          0          0          0          0          0   __rtentry2.o
         6          0          0          0          0          0   __rtentry4.o
        94          8          0          0          0          0   __scatter.o
        26          0          0          0          0          0   __scatter_copy.o
        28          0          0          0          0          0   __scatter_zi.o
        72          0          0          0          0         96   _c16rtomb.o
         6          0          0          0          0          0   _printf_a.o
         6          0          0          0          0          0   _printf_c.o
        44          0          0          0          0        108   _printf_char.o
        48          6          0          0          0         96   _printf_char_common.o
        40          0          0          0          0         68   _printf_charcount.o
         6          0          0          0          0          0   _printf_d.o
       120         16          0          0          0         92   _printf_dec.o
         6          0          0          0          0          0   _printf_e.o
         6          0          0          0          0          0   _printf_f.o
      1052          0          0          0          0        148   _printf_fp_dec.o
       764          8         38          0          0        100   _printf_fp_hex.o
       128         16          0          0          0         84   _printf_fp_infnan.o
         6          0          0          0          0          0   _printf_g.o
       148          4         40          0          0        160   _printf_hex_int_ll_ptr.o
         6          0          0          0          0          0   _printf_i.o
       178          0          0          0          0         88   _printf_intcommon.o
        10          0          0          0          0          0   _printf_l.o
         6          0          0          0          0          0   _printf_lc.o
        10          0          0          0          0          0   _printf_ll.o
         6          0          0          0          0          0   _printf_lld.o
         6          0          0          0          0          0   _printf_lli.o
         6          0          0          0          0          0   _printf_llo.o
         6          0          0          0          0          0   _printf_llu.o
         6          0          0          0          0          0   _printf_llx.o
       124         16          0          0          0         92   _printf_longlong_dec.o
         6          0          0          0          0          0   _printf_ls.o
         6          0          0          0          0          0   _printf_n.o
         6          0          0          0          0          0   _printf_o.o
       112          8          0          0          0        124   _printf_oct_int_ll.o
         6          0          0          0          0          0   _printf_p.o
        78          0          0          0          0        108   _printf_pad.o
         0          0          0          0          0          0   _printf_percent.o
         4          0          0          0          0          0   _printf_percent_end.o
         6          0          0          0          0          0   _printf_s.o
        82          0          0          0          0         80   _printf_str.o
        36          0          0          0          0         84   _printf_truncate.o
         6          0          0          0          0          0   _printf_u.o
        44          0          0          0          0        108   _printf_wchar.o
       188          6          8          0          0         92   _printf_wctomb.o
         6          0          0          0          0          0   _printf_x.o
        22          0          0          0          0        100   _rserrno.o
        16          0          0          0          0         68   _snputc.o
       228          4        148          0          0         96   bigflt0.o
      1936        128          0          0          0        668   btod.o
        18          0          0          0          0         80   exit.o
         6          0          0          0          0        152   heapauxi.o
         0          0          0          0          0          0   indicate_semi.o
        44         10        272          0          0         76   lc_ctype_c.o
        44         10         28          0          0         76   lc_numeric_c.o
         2          0          0          0          0          0   libinit.o
        34          0          0          0          0          0   libinit2.o
         2          0          0          0          0          0   libshutdown.o
         2          0          0          0          0          0   libshutdown2.o
         8          4          0          0         96         68   libspace.o
       138          0          0          0          0         80   lludiv10.o
        16          4          0          0          0         76   rt_ctype_table.o
         8          4          0          0          0         68   rt_errno_addr_intlibspace.o
         8          4          0          0          0         68   rt_locale_intlibspace.o
         2          0          0          0          0          0   rtexit.o
        10          0          0          0          0          0   rtexit2.o
        64          6          0          0          0         84   snprintf.o
       124          0          0          0          0         88   strcmpv7em.o
        62          0          0          0          0         76   strlen.o
        12          4          0          0          0         68   sys_exit.o
        74          0          0          0          0         80   sys_stackheap_outer.o
         2          0          0          0          0         68   use_no_semi.o
        24          0          0          0          0        164   basic.o
        98          4          0          0          0        140   d2f.o
       834         16          0          0          0        516   daddsub_clz.o
       696        140          0          0          0        264   ddiv.o
        94          4          0          0          0        140   dfix.o
        90          4          0          0          0        140   dfixu.o
        84          0          0          0          0        232   dflt_clz.o
       340         12          0          0          0        152   dmul.o
       156          4          0          0          0        140   dnaninf.o
        12          0          0          0          0        116   dretinf.o
        86          4          0          0          0        132   f2d.o
       140          4          0          0          0        132   fnaninf.o
        26          0          0          0          0        116   fpinit.o
        10          0          0          0          0        116   fretinf.o
         4          0          0          0          0        116   printf1.o
         4          0          0          0          0        116   printf2.o
         0          0          0          0          0          0   usenofp.o
       200         20          0          0          0        164   cos.o
       368         46         48          0          0        200   cos_i.o
        84         16          0          0          0        372   dunder.o
        24          0          0          0          0        124   fabs.o
        48          0          0          0          0        124   fpclassify.o
       248          0          0          0          0        152   poly.o
      1080        142        204          0          0        188   rred.o
       200         20          0          0          0        164   sin.o
       304         24         40          0          0        208   sin_i.o

    ----------------------------------------------------------------------
     15780        782       4126          0        120      24345   Library Totals
        40          0         14          0          2          0   (incl. Padding)

    ----------------------------------------------------------------------

      Code (inc. data)   RO Data    RW Data    ZI Data      Debug   Library Name

       964         48        648          0          4       8971   ES.lib
      2658          4       2621          0         18       6850   LCD_Display.lib
      6864        270        551          0         96       4096   c_w.l
      2698        192          0          0          0       2732   fz_wm.l
      2556        268        292          0          0       1696   m_wm.l

    ----------------------------------------------------------------------
     15780        782       4126          0        120      24345   Library Totals

    ----------------------------------------------------------------------

==============================================================================


      Code (inc. data)   RO Data    RW Data    ZI Data      Debug   

     21140        844       4828         12        664      78336   Grand Totals
     21140        844       4828         12        664      78336   ELF Image Totals
     21140        844       4828         12          0          0   ROM Totals

==============================================================================

    Total RO  Size (Code + RO Data)                25968 (  25.36kB)
    Total RW  Size (RW Data + ZI Data)               676 (   0.66kB)
    Total ROM Size (Code + RO Data + RW Data)      25980 (  25.37kB)

==============================================================================

